bras v5: 180 cellules a calculer sur 4 coeurs
[   1/180] ABC       2026092410  et1: STERILE         et2: marge=-0.81398 J=0.1331  (174s, ecoule 2.9min)
[   2/180] AEABC     2026092410  et1: STERILE         et2: marge=-3.23982 J=0.1962  (175s, ecoule 2.9min)
[   3/180] PSO       2026092410  et1: STERILE         et2: marge=-0.67857 J=0.1871  (177s, ecoule 2.9min)
[   4/180] GA        2026092410  et1: STERILE         et2: marge=-1.19764 J=0.2803  (177s, ecoule 3.0min)
[   5/180] IGWO      2026092410  et1: STERILE         et2: marge=-0.76242 J=0.1029  (167s, ecoule 5.7min)
[   6/180] PSO       2026092411  et1: STERILE         et2: marge=-0.61038 J=0.1201  (165s, ecoule 5.7min)
[   7/180] IGWO_DLH  2026092410  et1: STERILE         et2: marge=-0.79387 J=0.1053  (171s, ecoule 5.8min)
[   8/180] GA        2026092411  et1: STERILE         et2: marge=-0.74235 J=0.1282  (171s, ecoule 5.8min)
[   9/180] AEABC     2026092411  et1: STERILE         et2: marge=-0.85380 J=0.1840  (165s, ecoule 8.4min)
[  10/180] ABC       2026092411  et1: STERILE         et2: marge=-1.01124 J=0.1088  (165s, ecoule 8.4min)
[  11/180] IGWO_DLH  2026092411  et1: STERILE         et2: marge=-0.57040 J=0.1215  (168s, ecoule 8.6min)
[  12/180] IGWO      2026092411  et1: STERILE         et2: marge=-0.43917 J=0.1080  (170s, ecoule 8.6min)
[  13/180] GA        2026092412  et1: STERILE         et2: marge=-0.52627 J=0.1080  (184s, ecoule 11.5min)
[  14/180] PSO       2026092412  et1: STERILE         et2: marge=-0.51155 J=0.1206  (186s, ecoule 11.6min)
[  15/180] AEABC     2026092412  et1: STERILE         et2: marge=-0.76828 J=0.0977  (183s, ecoule 11.6min)
[  16/180] ABC       2026092412  et1: STERILE         et2: marge=-1.51526 J=0.1420  (187s, ecoule 11.7min)
[  17/180] IGWO      2026092412  et1: STERILE         et2: marge=-0.63621 J=0.1160  (167s, ecoule 14.3min)
[  18/180] IGWO_DLH  2026092412  et1: STERILE         et2: marge=-0.64460 J=0.1407  (167s, ecoule 14.3min)
[  19/180] PSO       2026092413  et1: STERILE         et2: marge=-0.55486 J=0.1174  (166s, ecoule 14.4min)
[  20/180] GA        2026092413  et1: STERILE         et2: marge=-1.06551 J=0.1718  (163s, ecoule 14.4min)
[  21/180] ABC       2026092413  et1: STERILE         et2: marge=-1.35103 J=0.0963  (168s, ecoule 17.1min)
[  22/180] AEABC     2026092413  et1: STERILE         et2: marge=-1.11673 J=0.6193  (168s, ecoule 17.1min)
[  23/180] IGWO_DLH  2026092413  et1: STERILE         et2: marge=-0.45556 J=0.1050  (167s, ecoule 17.2min)
[  24/180] IGWO      2026092413  et1: STERILE         et2: marge=-0.44807 J=0.1084  (168s, ecoule 17.2min)
[  25/180] PSO       2026092414  et1: STERILE         et2: marge=-0.91531 J=0.3283  (169s, ecoule 19.9min)
[  26/180] GA        2026092414  et1: STERILE         et2: marge=-20.40537 J=0.2383  (168s, ecoule 19.9min)
[  27/180] ABC       2026092414  et1: STERILE         et2: marge=-0.73490 J=0.1137  (167s, ecoule 20.0min)
[  28/180] AEABC     2026092414  et1: STERILE         et2: marge=-1.26783 J=0.4220  (169s, ecoule 20.0min)
[  29/180] IGWO      2026092414  et1: STERILE         et2: marge=-0.75840 J=0.2833  (167s, ecoule 22.7min)
[  30/180] PSO       2026092415  et1: STERILE         et2: marge=-3.34569 J=0.3820  (164s, ecoule 22.7min)
[  31/180] IGWO_DLH  2026092414  et1: STERILE         et2: marge=-0.65456 J=0.1102  (171s, ecoule 22.8min)
[  32/180] GA        2026092415  et1: STERILE         et2: marge=-4.39003 J=0.5901  (168s, ecoule 22.8min)
